Layer itlab_large-8KMovies_same_movie_rating.net Generation is Initiated.
Done.
Information Regarding the Generated Layer File:
	Destination Folder:.../C:/Users/hossa/Desktop/fariba_combine/amey_shinde/IMDb/layers_generated/
	Generation Time(in second):71.11
	Number of Node:7951
	Number of Edge:927990
	Number of Connected Component:71

Layer itlab_large-8KMovies_similar_movie_rating.net Generation is Initiated.
Done.
Information Regarding the Generated Layer File:
	Destination Folder:.../C:/Users/hossa/Desktop/fariba_combine/amey_shinde/IMDb/layers_generated/
	Generation Time(in second):167.46
	Number of Node:7951
	Number of Edge:3143879
	Number of Connected Component:4

Layer itlab_large-8KMovies_same_movie_year.net Generation is Initiated.
Done.
Information Regarding the Generated Layer File:
	Destination Folder:.../C:/Users/hossa/Desktop/fariba_combine/amey_shinde/IMDb/layers_generated/
	Generation Time(in second):65.01
	Number of Node:7951
	Number of Edge:1034644
	Number of Connected Component:46

Layer itlab_large-8KMovies_movies_in_a_5year_period.net Generation is Initiated.
Done.
Information Regarding the Generated Layer File:
	Destination Folder:.../C:/Users/hossa/Desktop/fariba_combine/amey_shinde/IMDb/layers_generated/
	Generation Time(in second):106.87
	Number of Node:7951
	Number of Edge:3101123
	Number of Connected Component:1

Layer itlab_large-8KMovies_similar_movie_genre.net Generation is Initiated.
Done.
Information Regarding the Generated Layer File:
	Destination Folder:.../C:/Users/hossa/Desktop/fariba_combine/amey_shinde/IMDb/layers_generated/
	Generation Time(in second):92.49
	Number of Node:7951
	Number of Edge:26693771
	Number of Connected Component:1

Layer itlab_large-8KMovies_movies_in_same_decade.net Generation is Initiated.
Done.
Information Regarding the Generated Layer File:
	Destination Folder:.../C:/Users/hossa/Desktop/fariba_combine/amey_shinde/IMDb/layers_generated/
	Generation Time(in second):151.11
	Number of Node:7951
	Number of Edge:9008428
	Number of Connected Component:5

Layer Generation is Successful.