Layer itlab_large-5KUKAccident-2014_same_light_condition.net Generation is Initiated.
Done.
Information Regarding the Generated Layer File:
	Destination Folder:.../C:/Users/hossa/Desktop/fariba_combine/amey_shinde/UKAccident/layers_generated/
	Generation Time(in second):22.66
	Number of Node:5000
	Number of Edge:7359310
	Number of Connected Component:5

Layer itlab_large-5KUKAccident-2014_difference_in_no_of_casualties.net Generation is Initiated.
Done.
Information Regarding the Generated Layer File:
	Destination Folder:.../C:/Users/hossa/Desktop/fariba_combine/amey_shinde/UKAccident/layers_generated/
	Generation Time(in second):57.23
	Number of Node:5000
	Number of Edge:8126639
	Number of Connected Component:7

Layer itlab_large-5KUKAccident-2014_difference_in_road_type.net Generation is Initiated.
Done.
Information Regarding the Generated Layer File:
	Destination Folder:.../C:/Users/hossa/Desktop/fariba_combine/amey_shinde/UKAccident/layers_generated/
	Generation Time(in second):29.23
	Number of Node:5000
	Number of Edge:5158944
	Number of Connected Component:1

Layer itlab_large-5KUKAccident-2014_difference_in_day_of_week.net Generation is Initiated.
Done.
Information Regarding the Generated Layer File:
	Destination Folder:.../C:/Users/hossa/Desktop/fariba_combine/amey_shinde/UKAccident/layers_generated/
	Generation Time(in second):29.46
	Number of Node:5000
	Number of Edge:1095940
	Number of Connected Component:1

Layer itlab_large-5KUKAccident-2014_difference_in_number_of_vehicles.net Generation is Initiated.
Done.
Information Regarding the Generated Layer File:
	Destination Folder:.../C:/Users/hossa/Desktop/fariba_combine/amey_shinde/UKAccident/layers_generated/
	Generation Time(in second):37.25
	Number of Node:5000
	Number of Edge:4628774
	Number of Connected Component:3

Layer itlab_large-5KUKAccident-2014_difference_in_speed_limit.net Generation is Initiated.
Done.
Information Regarding the Generated Layer File:
	Destination Folder:.../C:/Users/hossa/Desktop/fariba_combine/amey_shinde/UKAccident/layers_generated/
	Generation Time(in second):39.6
	Number of Node:5000
	Number of Edge:8591727
	Number of Connected Component:1

Layer itlab_large-5KUKAccident-2014_same_date_of_accident_occurance.net Generation is Initiated.
Done.
Information Regarding the Generated Layer File:
	Destination Folder:.../C:/Users/hossa/Desktop/fariba_combine/amey_shinde/UKAccident/layers_generated/
	Generation Time(in second):28.28
	Number of Node:5000
	Number of Edge:408760
	Number of Connected Component:31

Layer itlab_large-5KUKAccident-2014_different_date_of_accident_occurance.net Generation is Initiated.
Done.
Information Regarding the Generated Layer File:
	Destination Folder:.../C:/Users/hossa/Desktop/fariba_combine/amey_shinde/UKAccident/layers_generated/
	Generation Time(in second):31.8
	Number of Node:5000
	Number of Edge:408760
	Number of Connected Component:31

Layer itlab_large-5KUKAccident-2014_time_of_accident_occurance.net Generation is Initiated.
Done.
Information Regarding the Generated Layer File:
	Destination Folder:.../C:/Users/hossa/Desktop/fariba_combine/amey_shinde/UKAccident/layers_generated/
	Generation Time(in second):32.8
	Number of Node:5000
	Number of Edge:8309540
	Number of Connected Component:1

Layer itlab_large-5KUKAccident-2014_same_gap_between_accident_occurance_time.net Generation is Initiated.
Done.
Information Regarding the Generated Layer File:
	Destination Folder:.../C:/Users/hossa/Desktop/fariba_combine/amey_shinde/UKAccident/layers_generated/
	Generation Time(in second):38.96
	Number of Node:5000
	Number of Edge:12149985
	Number of Connected Component:1

Layer itlab_large-5KUKAccident-2014_different_gap_between_accident_occurance_time.net Generation is Initiated.
Done.
Information Regarding the Generated Layer File:
	Destination Folder:.../C:/Users/hossa/Desktop/fariba_combine/amey_shinde/UKAccident/layers_generated/
	Generation Time(in second):47.63
	Number of Node:5000
	Number of Edge:2791151
	Number of Connected Component:1

Layer itlab_large-5KUKAccident-2014_distance_between_accidents.net Generation is Initiated.
Done.
Information Regarding the Generated Layer File:
	Destination Folder:.../C:/Users/hossa/Desktop/fariba_combine/amey_shinde/UKAccident/layers_generated/
	Generation Time(in second):44.0
	Number of Node:5000
	Number of Edge:35911
	Number of Connected Component:577

Layer Generation is Successful.