Layer itlab_SIGMODPapers_2016-2018_same_conference.net Generation is Initiated.
Done.
Information Regarding the Generated Layer File:
	Destination Folder:.../C:/Users/hossa/Desktop/fariba_combine/amey_shinde/DBLP/layers_generated/
	Generation Time(in second):16.55
	Number of Node:500
	Number of Edge:124750
	Number of Connected Component:1

Layer itlab_SIGMODPapers_2016-2018_similar_conference.net Generation is Initiated.
Done.
Information Regarding the Generated Layer File:
	Destination Folder:.../C:/Users/hossa/Desktop/fariba_combine/amey_shinde/DBLP/layers_generated/
	Generation Time(in second):90.55
	Number of Node:500
	Number of Edge:124750
	Number of Connected Component:1

Layer itlab_SIGMODPapers_2016-2018_similar_author.net Generation is Initiated.
Done.
Information Regarding the Generated Layer File:
	Destination Folder:.../C:/Users/hossa/Desktop/fariba_combine/amey_shinde/DBLP/layers_generated/
	Generation Time(in second):18.65
	Number of Node:500
	Number of Edge:124738
	Number of Connected Component:1

Layer itlab_SIGMODPapers_2016-2018_same_time_period.net Generation is Initiated.
Done.
Information Regarding the Generated Layer File:
	Destination Folder:.../C:/Users/hossa/Desktop/fariba_combine/amey_shinde/DBLP/layers_generated/
	Generation Time(in second):8.56
	Number of Node:500
	Number of Edge:57291
	Number of Connected Component:1

Layer itlab_SIGMODPapers_2016-2018_different_time_period.net Generation is Initiated.
Done.
Information Regarding the Generated Layer File:
	Destination Folder:.../C:/Users/hossa/Desktop/fariba_combine/amey_shinde/DBLP/layers_generated/
	Generation Time(in second):5.31
	Number of Node:500
	Number of Edge:94160
	Number of Connected Component:1

Layer itlab_SIGMODPapers_2016-2018_similar_day.net Generation is Initiated.
Done.
Information Regarding the Generated Layer File:
	Destination Folder:.../C:/Users/hossa/Desktop/fariba_combine/amey_shinde/DBLP/layers_generated/
	Generation Time(in second):5.08
	Number of Node:500
	Number of Edge:63760
	Number of Connected Component:4

Layer Generation is Successful.