Layer itlab_small-1KUKAccident-2014_same_light_condition.net Generation is Initiated.
Done.
Information Regarding the Generated Layer File:
	Destination Folder:.../amey_shinde/UKAccident/layers_generated/
	Generation Time(in second):14.44
	Number of Node:1000
	Number of Edge:287358
	Number of Connected Component:5

Layer itlab_small-1KUKAccident-2014_difference_in_no_of_casualties.net Generation is Initiated.
Done.
Information Regarding the Generated Layer File:
	Destination Folder:.../amey_shinde/UKAccident/layers_generated/
	Generation Time(in second):20.06
	Number of Node:1000
	Number of Edge:299550
	Number of Connected Component:6

Layer itlab_small-1KUKAccident-2014_difference_in_road_type.net Generation is Initiated.
Done.
Information Regarding the Generated Layer File:
	Destination Folder:.../amey_shinde/UKAccident/layers_generated/
	Generation Time(in second):16.53
	Number of Node:1000
	Number of Edge:295956
	Number of Connected Component:6

Layer itlab_small-1KUKAccident-2014_difference_in_day_of_week.net Generation is Initiated.
Done.
Information Regarding the Generated Layer File:
	Destination Folder:.../amey_shinde/UKAccident/layers_generated/
	Generation Time(in second):16.66
	Number of Node:1000
	Number of Edge:43071
	Number of Connected Component:1

Layer itlab_small-1KUKAccident-2014_difference_in_number_of_vehicles.net Generation is Initiated.
Done.
Information Regarding the Generated Layer File:
	Destination Folder:.../amey_shinde/UKAccident/layers_generated/
	Generation Time(in second):18.04
	Number of Node:1000
	Number of Edge:176374
	Number of Connected Component:2

Layer itlab_small-1KUKAccident-2014_difference_in_speed_limit.net Generation is Initiated.
Done.
Information Regarding the Generated Layer File:
	Destination Folder:.../amey_shinde/UKAccident/layers_generated/
	Generation Time(in second):17.05
	Number of Node:1000
	Number of Edge:338250
	Number of Connected Component:1

Layer itlab_small-1KUKAccident-2014_distance_between_accidents.net Generation is Initiated.
Done.
Information Regarding the Generated Layer File:
	Destination Folder:.../amey_shinde/UKAccident/layers_generated/
	Generation Time(in second):19.46
	Number of Node:1000
	Number of Edge:22630
	Number of Connected Component:1

Layer itlab_small-1KUKAccident-2014_same_date_of_accident_occurance.net Generation is Initiated.
Done.
Information Regarding the Generated Layer File:
	Destination Folder:.../amey_shinde/UKAccident/layers_generated/
	Generation Time(in second):16.76
	Number of Node:1000
	Number of Edge:16287
	Number of Connected Component:31

Layer itlab_small-1KUKAccident-2014_different_date_of_accident_occurance.net Generation is Initiated.
Done.
Information Regarding the Generated Layer File:
	Destination Folder:.../amey_shinde/UKAccident/layers_generated/
	Generation Time(in second):17.74
	Number of Node:1000
	Number of Edge:16287
	Number of Connected Component:31

Layer itlab_small-1KUKAccident-2014_time_of_accident_occurance.net Generation is Initiated.
Done.
Information Regarding the Generated Layer File:
	Destination Folder:.../amey_shinde/UKAccident/layers_generated/
	Generation Time(in second):18.57
	Number of Node:1000
	Number of Edge:336605
	Number of Connected Component:1

Layer itlab_small-1KUKAccident-2014_same_gap_between_accident_occurance_time.net Generation is Initiated.
Done.
Information Regarding the Generated Layer File:
	Destination Folder:.../amey_shinde/UKAccident/layers_generated/
	Generation Time(in second):17.3
	Number of Node:1000
	Number of Edge:488566
	Number of Connected Component:1

Layer itlab_small-1KUKAccident-2014_different_gap_between_accident_occurance_time.net Generation is Initiated.
Done.
Information Regarding the Generated Layer File:
	Destination Folder:.../amey_shinde/UKAccident/layers_generated/
	Generation Time(in second):18.58
	Number of Node:1000
	Number of Edge:120765
	Number of Connected Component:1

Layer Generation is Successful.