Layer itlab_USCounty_2020_Hispanic_people.net Generation is Initiated.
Done.
Information Regarding the Generated Layer File:
	Destination Folder:.../amey_shinde/USCensus/layers_generated/
	Generation Time(in second):5.18
	Number of Node:3139
	Number of Edge:43169
	Number of Connected Component:261

Layer itlab_USCounty_2020_people_aged_minimum_65.net Generation is Initiated.
Done.
Information Regarding the Generated Layer File:
	Destination Folder:.../amey_shinde/USCensus/layers_generated/
	Generation Time(in second):5.19
	Number of Node:3139
	Number of Edge:0
	Number of Connected Component:0

Layer itlab_USCounty_2020_people_aged_maximum_18.net Generation is Initiated.
Done.
Information Regarding the Generated Layer File:
	Destination Folder:.../amey_shinde/USCensus/layers_generated/
	Generation Time(in second):4.98
	Number of Node:3139
	Number of Edge:45974
	Number of Connected Component:177

Layer itlab_USCounty_2020_nonveteran_owned_farm.net Generation is Initiated.
Done.
Information Regarding the Generated Layer File:
	Destination Folder:.../amey_shinde/USCensus/layers_generated/
	Generation Time(in second):5.22
	Number of Node:3139
	Number of Edge:749700
	Number of Connected Component:1

Layer Generation is Successful.