Node_id,Primary_key_id
1,"38,Star Wars: Episode IV - A New Hope"
2,"72,Star Wars: Episode V - The Empire Strikes Back"
3,"256,Back to the Future"
4,"723,Goodfellas"
5,"877,The Silence of the Lambs"
6,"881,Terminator 2"
7,"1026,Ramayana: The Legend of Prince Rama"
8,"1143,Schindler's List"
9,"1230,Forrest Gump"
10,"1256,The Lion King"
11,"1262,L??on: The Professional"
12,"1289,Pulp Fiction"
13,"1307,The Shawshank Redemption"
14,"1483,Se7en"
15,"1508,The Usual Suspects"
16,"1998,American History X"
17,"2062,Saving Private Ryan"
18,"2196,The Green Mile"
19,"2241,The Matrix"
20,"2250,Fight Club"
21,"2476,Gladiator"
22,"2587,Memento"
23,"2682,The Lord of the Rings: The Fellowship of the Ring"
24,"2937,The Lord of the Rings: The Two Towers"
25,"2980,The Pianist"
26,"3170,The Lord of the Rings: The Return of the King"
27,"3391,A Closer Walk"
28,"3697,Earthlings"
29,"3994,The Departed"
30,"4194,The Prestige"
31,"4221,Laffit: All About Winning"
32,"4603,The Dark Knight"
33,"5191,For the Next 7 Generations"
34,"5393,Inception"
35,"5634,Grab"
36,"5789,Frankenstein"
37,"5973,La Source"
38,"6119,Arise"
39,"6165,Street Dogs of South Central"
40,"6499,Interstellar"
41,"6685,Ice Bear"
42,"6726,Whiplash"
43,"6827,Coriolanus"
44,"6856,Skylight"
45,"6857,National Theatre Live: A Streetcar Named Desire"
46,"7145,Remember the Sultana"
47,"7153,Figures of Speech"
48,"7182,Hamlet"
49,"7197,National Theatre Live: Man and Superman"
50,"7199,The 2015 World Series"
51,"7609,Coco"
52,"7755,The Man Who Built Cambodia"
53,"7767,Bees Make Honey"
54,"7777,G-Funk"
55,"7805,New Money"
56,"7867,The Delinquent Season"
57,"7890,Ulugh Beg: Through Hardships to the Stars"
58,"7893,Arctic"
59,"7895,National Theatre Live: Angels in America Part One - Millennium Approaches"
60,"7896,National Theatre Live: Angels in America Part Two - Perestroika"
61,"7897,Names on the Cup"
62,"7900,Between Worlds"
63,"7909,Arizona"
64,"7913,The Public"
